// Jest Snapshot v1, https://goo.gl/fbAQLP

exports[`renders the UI as expected 1`] = `
Array [
  <nav
    className="navbar"
    role="navigation"
  >
    <ul
      className="navbar-list"
    >
      <li>
        <a
          href="/"
          onClick={[Function]}
        >
          Home
        </a>
      </li>
      <li>
        <a
          href="/register"
          onClick={[Function]}
        >
          Register
        </a>
      </li>
      <li>
        <a
          href="/login"
          onClick={[Function]}
        >
          Login
        </a>
      </li>
    </ul>
  </nav>,
  <form
    className="LoginForm"
    onSubmit={[Function]}
  >
    <div
      role="alert"
    />
    <fieldset>
      <h3>
        Login
      </h3>
      <label
        htmlFor="LoginForm__username"
      />
      <input
        id="LoginForm__username"
        name="username"
        placeholder="Username"
        required={true}
        type="text"
      />
      <label
        htmlFor="LoginForm__password"
      />
      <input
        id="LoginForm__password"
        name="password"
        placeholder="Password"
        required={true}
        type="password"
      />
    </fieldset>
    <button
      className="login-button"
      type="submit"
    >
      Login
    </button>
  </form>,
]
`;
